// Jest Snapshot v1, https://goo.gl/fbAQLP

exports[`App 组件快照、服务共享 1`] = `
<div>
  <div>
    <div>
      <div class="container" style="background: rgb(105, 192, 255);"><span class="title">Global Counter:</span><button class="decrementBtn" type="button"> - </button><span class="countNum">0</span><button class="incrementBtn" type="button"> + </button></div>
    </div>
    <div class="mt5">
      <div class="container" style="background: rgb(105, 192, 255);"><span class="title">Global Countdown:</span><button class="decrementBtn" type="button"> - 10</button><span class="countNum">00:00:00</span><button class="incrementBtn" type="button"> + 10</button></div>
    </div>
  </div>
  <div>
    <div class="container">
      <h4>Earth</h4>
      <div>
        <div>
          <div class="container" style="background: rgb(105, 192, 255);"><span class="title">Earth Counter:</span><button class="decrementBtn" type="button"> - </button><span class="countNum">0</span><button class="incrementBtn" type="button"> + </button></div>
        </div>
        <div class="mt5">
          <div class="container" style="background: rgb(92, 219, 211);"><span class="title">Earth Countdown:</span><button class="decrementBtn" type="button"> - 10</button><span class="countNum">00:00:00</span><button class="incrementBtn" type="button"> + 10</button></div>
        </div>
      </div>
      <div>
        <div class="container">
          <h4>China</h4>
          <div>
            <div>
              <div class="container" style="background: rgb(211, 242, 97);"><span class="title">China Counter:</span><button class="decrementBtn" type="button"> - </button><span class="countNum">0</span><button class="incrementBtn" type="button"> + </button></div>
            </div>
            <div class="mt5">
              <div class="container" style="background: rgb(92, 219, 211);"><span class="title">China Countdown:</span><button class="decrementBtn" type="button"> - 60</button><span class="countNum">00:00:00</span><button class="incrementBtn" type="button"> + 60</button></div>
            </div>
          </div>
          <div class="box">
            <div class="container">
              <h4>ProvinceA</h4>
              <div>
                <div>
                  <div class="container" style="background: rgb(255, 192, 105);"><span class="title">ProvinceA Counter:</span><button class="decrementBtn" type="button"> - </button><span class="countNum">0</span><button class="incrementBtn" type="button"> + </button></div>
                </div>
                <div class="mt5">
                  <div class="container" style="background: rgb(92, 219, 211);"><span class="title">ProvinceA Countdown:</span><button class="decrementBtn" type="button"> - 10</button><span class="countNum">00:00:00</span><button class="incrementBtn" type="button"> + 10</button></div>
                </div>
              </div>
              <div class="box">
                <div class="container">
                  <h4>SchoolA</h4>
                  <div>
                    <div>
                      <div class="container" style="background: rgb(255, 156, 110);"><span class="title">SchoolA Counter:</span><button class="decrementBtn" type="button"> - </button><span class="countNum">0</span><button class="incrementBtn" type="button"> + </button></div>
                    </div>
                    <div class="mt5">
                      <div class="container" style="background: rgb(92, 219, 211);"><span class="title">SchoolA Countdown:</span><button class="decrementBtn" type="button"> - 10</button><span class="countNum">00:00:00</span><button class="incrementBtn" type="button"> + 10</button></div>
                    </div>
                  </div>
                  <div class="box">
                    <div class="container">
                      <h4>ClassA</h4>
                      <div>
                        <div>
                          <div class="container" style="background: rgb(255, 120, 117);"><span class="title">ClassA Counter:</span><button class="decrementBtn" type="button"> - </button><span class="countNum">0</span><button class="incrementBtn" type="button"> + </button></div>
                        </div>
                        <div class="mt5">
                          <div class="container" style="background: rgb(255, 156, 110);"><span class="title">SchoolA Counter @Skip:</span><button class="decrementBtn" type="button"> - </button><span class="countNum">0</span><button class="incrementBtn" type="button"> + </button></div>
                        </div>
                        <div class="mt5">
                          <div class="container" style="background: red;" name="Local Person Counter"><span class="title">defaultName:</span><button class="decrementBtn" type="button"> - </button><span class="countNum">0</span><button class="incrementBtn" type="button"> + </button></div>
                        </div>
                        <div class="mt5">
                          <div class="container" style="background: rgb(92, 219, 211);"><span class="title">ClassA Countdown:</span><button class="decrementBtn" type="button"> - 10</button><span class="countNum">00:00:00</span><button class="incrementBtn" type="button"> + 10</button></div>
                        </div>
                      </div>
                    </div>
                    <div class="container">
                      <h4>ClassB</h4>
                      <div>
                        <div>
                          <div class="container" style="background: rgb(255, 156, 110);"><span class="title">ClassB Counter:</span><button class="decrementBtn" type="button"> - </button><span class="countNum">0</span><button class="incrementBtn" type="button"> + </button></div>
                        </div>
                        <div class="mt5">
                          <div class="container" style="background: rgb(92, 219, 211);"><span class="title">ClassB Countdown:</span><button class="decrementBtn" type="button"> - 10</button><span class="countNum">00:00:00</span><button class="incrementBtn" type="button"> + 10</button></div>
                        </div>
                      </div>
                    </div>
                  </div>
                </div>
                <div class="container">
                  <h4>SchoolB</h4>
                  <div>
                    <div>
                      <div class="container" style="background: rgb(255, 192, 105);"><span class="title">SchoolB Counter:</span><button class="decrementBtn" type="button"> - </button><span class="countNum">0</span><button class="incrementBtn" type="button"> + </button></div>
                    </div>
                    <div class="mt5">
                      <div class="container" style="background: rgb(92, 219, 211);"><span class="title">SchoolB Countdown:</span><button class="decrementBtn" type="button"> - 10</button><span class="countNum">00:00:00</span><button class="incrementBtn" type="button"> + 10</button></div>
                    </div>
                  </div>
                  <div class="box">
                    <div class="container">
                      <h4>ClassA</h4>
                      <div>
                        <div>
                          <div class="container" style="background: rgb(255, 192, 105);"><span class="title">ClassA Counter:</span><button class="decrementBtn" type="button"> - </button><span class="countNum">0</span><button class="incrementBtn" type="button"> + </button></div>
                        </div>
                        <div class="mt5">
                          <div class="container" style="background: rgb(92, 219, 211);"><span class="title">ClassA Countdown:</span><button class="decrementBtn" type="button"> - 10</button><span class="countNum">00:00:00</span><button class="incrementBtn" type="button"> + 10</button></div>
                        </div>
                      </div>
                    </div>
                    <div class="container">
                      <h4>ClassB</h4>
                      <div>
                        <div>
                          <div class="container" style="background: rgb(255, 192, 105);"><span class="title">ClassB Counter:</span><button class="decrementBtn" type="button"> - </button><span class="countNum">0</span><button class="incrementBtn" type="button"> + </button></div>
                        </div>
                        <div class="mt5">
                          <div class="container" style="background: rgb(92, 219, 211);"><span class="title">ClassB Countdown:</span><button class="decrementBtn" type="button"> - 10</button><span class="countNum">00:00:00</span><button class="incrementBtn" type="button"> + 10</button></div>
                        </div>
                      </div>
                    </div>
                  </div>
                </div>
              </div>
            </div>
            <div class="container">
              <h4>ProvinceB</h4>
              <div>
                <div>
                  <div class="container" style="background: rgb(211, 242, 97);"><span class="title">ProvinceB Counter:</span><button class="decrementBtn" type="button"> - </button><span class="countNum">0</span><button class="incrementBtn" type="button"> + </button></div>
                </div>
                <div class="mt5">
                  <div class="container" style="background: rgb(133, 165, 255);"><span class="title">ProvinceB Countdown:</span><button class="decrementBtn" type="button"> - 30</button><span class="countNum">00:00:00</span><button class="incrementBtn" type="button"> + 30</button></div>
                </div>
              </div>
              <div class="box">
                <div class="container">
                  <h4>SchoolA</h4>
                  <div>
                    <div>
                      <div class="container" style="background: rgb(211, 242, 97);"><span class="title">SchoolA Counter:</span><button class="decrementBtn" type="button"> - </button><span class="countNum">0</span><button class="incrementBtn" type="button"> + </button></div>
                    </div>
                    <div class="mt5">
                      <div class="container" style="background: rgb(133, 165, 255);"><span class="title">SchoolA Countdown:</span><button class="decrementBtn" type="button"> - 10</button><span class="countNum">00:00:00</span><button class="incrementBtn" type="button"> + 10</button></div>
                    </div>
                  </div>
                  <div class="box">
                    <div class="container">
                      <h4>ClassA</h4>
                      <div>
                        <div>
                          <div class="container" style="background: rgb(211, 242, 97);"><span class="title">ClassA Counter:</span><button class="decrementBtn" type="button"> - </button><span class="countNum">0</span><button class="incrementBtn" type="button"> + </button></div>
                        </div>
                        <div class="mt5">
                          <div class="container" style="background: rgb(133, 165, 255);"><span class="title">ClassA Countdown:</span><button class="decrementBtn" type="button"> - 10</button><span class="countNum">00:00:00</span><button class="incrementBtn" type="button"> + 10</button></div>
                        </div>
                      </div>
                    </div>
                    <div class="container">
                      <h4>ClassB</h4>
                      <div>
                        <div>
                          <div class="container" style="background: rgb(211, 242, 97);"><span class="title">ClassB Counter:</span><button class="decrementBtn" type="button"> - </button><span class="countNum">0</span><button class="incrementBtn" type="button"> + </button></div>
                        </div>
                        <div class="mt5">
                          <div class="container" style="background: rgb(133, 165, 255);"><span class="title">ClassB Countdown:</span><button class="decrementBtn" type="button"> - 10</button><span class="countNum">00:00:00</span><button class="incrementBtn" type="button"> + 10</button></div>
                        </div>
                      </div>
                    </div>
                  </div>
                </div>
                <div class="container">
                  <h4>SchoolB</h4>
                  <div>
                    <div>
                      <div class="container" style="background: rgb(211, 242, 97);"><span class="title">SchoolB Counter:</span><button class="decrementBtn" type="button"> - </button><span class="countNum">0</span><button class="incrementBtn" type="button"> + </button></div>
                    </div>
                    <div class="mt5">
                      <div class="container" style="background: rgb(179, 127, 235);"><span class="title">SchoolB Countdown:</span><button class="decrementBtn" type="button"> - 20</button><span class="countNum">00:00:00</span><button class="incrementBtn" type="button"> + 20</button></div>
                    </div>
                  </div>
                  <div class="box">
                    <div class="container">
                      <h4>ClassA</h4>
                      <div>
                        <div>
                          <div class="container" style="background: rgb(211, 242, 97);"><span class="title">ClassA Counter:</span><button class="decrementBtn" type="button"> - </button><span class="countNum">0</span><button class="incrementBtn" type="button"> + </button></div>
                        </div>
                        <div class="mt5">
                          <div class="container" style="background: rgb(179, 127, 235);"><span class="title">ClassA Countdown:</span><button class="decrementBtn" type="button"> - 10</button><span class="countNum">00:00:00</span><button class="incrementBtn" type="button"> + 10</button></div>
                        </div>
                      </div>
                    </div>
                    <div class="container">
                      <h4>ClassB</h4>
                      <div>
                        <div>
                          <div class="container" style="background: rgb(211, 242, 97);"><span class="title">ClassB Counter:</span><button class="decrementBtn" type="button"> - </button><span class="countNum">0</span><button class="incrementBtn" type="button"> + </button></div>
                        </div>
                        <div class="mt5">
                          <div class="container" style="background: rgb(255, 133, 192);"><span class="title">ClassB Countdown:</span><button class="decrementBtn" type="button"> - 10</button><span class="countNum">00:00:00</span><button class="incrementBtn" type="button"> + 10</button></div>
                        </div>
                      </div>
                    </div>
                  </div>
                </div>
              </div>
            </div>
          </div>
        </div>
      </div>
    </div>
  </div>
  <div class="switch-box">
    <h4> These areas with same background color have same service instance. </h4>
    <div><button type="button">hide counter background </button></div>
    <div class="mt5"><button type="button">hide countdown background </button></div>
  </div>
</div>
`;
